// Jest Snapshot v1, https://goo.gl/fbAQLP

exports[`Feed Renders correctly 1`] = `<Feed />`;
