// Jest Snapshot v1, https://goo.gl/fbAQLP

exports[`TopBar render correctly 1`] = `
<TopName>
  <WithStyles(ForwardRef(AppBar))
    className="makeStyles-appBar-1 makeStyles-appBarShift-3"
    position="fixed"
  >
    <ForwardRef(AppBar)
      className="makeStyles-appBar-1 makeStyles-appBarShift-3"
      classes={
        Object {
          "colorDefault": "MuiAppBar-colorDefault",
          "colorInherit": "MuiAppBar-colorInherit",
          "colorPrimary": "MuiAppBar-colorPrimary",
          "colorSecondary": "MuiAppBar-colorSecondary",
          "colorTransparent": "MuiAppBar-colorTransparent",
          "positionAbsolute": "MuiAppBar-positionAbsolute",
          "positionFixed": "MuiAppBar-positionFixed",
          "positionRelative": "MuiAppBar-positionRelative",
          "positionStatic": "MuiAppBar-positionStatic",
          "positionSticky": "MuiAppBar-positionSticky",
          "root": "MuiAppBar-root",
        }
      }
      position="fixed"
    >
      <WithStyles(ForwardRef(Paper))
        className="MuiAppBar-root MuiAppBar-positionFixed MuiAppBar-colorPrimary makeStyles-appBar-1 makeStyles-appBarShift-3 mui-fixed"
        component="header"
        elevation={4}
        square={true}
      >
        <ForwardRef(Paper)
          className="MuiAppBar-root MuiAppBar-positionFixed MuiAppBar-colorPrimary makeStyles-appBar-1 makeStyles-appBarShift-3 mui-fixed"
          classes={
            Object {
              "elevation0": "MuiPaper-elevation0",
              "elevation1": "MuiPaper-elevation1",
              "elevation10": "MuiPaper-elevation10",
              "elevation11": "MuiPaper-elevation11",
              "elevation12": "MuiPaper-elevation12",
              "elevation13": "MuiPaper-elevation13",
              "elevation14": "MuiPaper-elevation14",
              "elevation15": "MuiPaper-elevation15",
              "elevation16": "MuiPaper-elevation16",
              "elevation17": "MuiPaper-elevation17",
              "elevation18": "MuiPaper-elevation18",
              "elevation19": "MuiPaper-elevation19",
              "elevation2": "MuiPaper-elevation2",
              "elevation20": "MuiPaper-elevation20",
              "elevation21": "MuiPaper-elevation21",
              "elevation22": "MuiPaper-elevation22",
              "elevation23": "MuiPaper-elevation23",
              "elevation24": "MuiPaper-elevation24",
              "elevation3": "MuiPaper-elevation3",
              "elevation4": "MuiPaper-elevation4",
              "elevation5": "MuiPaper-elevation5",
              "elevation6": "MuiPaper-elevation6",
              "elevation7": "MuiPaper-elevation7",
              "elevation8": "MuiPaper-elevation8",
              "elevation9": "MuiPaper-elevation9",
              "outlined": "MuiPaper-outlined",
              "root": "MuiPaper-root",
              "rounded": "MuiPaper-rounded",
            }
          }
          component="header"
          elevation={4}
          square={true}
        >
          <header
            className="MuiPaper-root MuiAppBar-root MuiAppBar-positionFixed MuiAppBar-colorPrimary makeStyles-appBar-1 makeStyles-appBarShift-3 mui-fixed MuiPaper-elevation4"
          >
            <WithStyles(ForwardRef(Toolbar))>
              <ForwardRef(Toolbar)
                classes={
                  Object {
                    "dense": "MuiToolbar-dense",
                    "gutters": "MuiToolbar-gutters",
                    "regular": "MuiToolbar-regular",
                    "root": "MuiToolbar-root",
                  }
                }
              >
                <div
                  className="MuiToolbar-root MuiToolbar-regular MuiToolbar-gutters"
                >
                  <WithStyles(ForwardRef(IconButton))
                    aria-label="menu"
                    className="makeStyles-menuButton-4 makeStyles-hide-2"
                    color="inherit"
                    edge="start"
                    onClick={[Function]}
                  >
                    <ForwardRef(IconButton)
                      aria-label="menu"
                      className="makeStyles-menuButton-4 makeStyles-hide-2"
                      classes={
                        Object {
                          "colorInherit": "MuiIconButton-colorInherit",
                          "colorPrimary": "MuiIconButton-colorPrimary",
                          "colorSecondary": "MuiIconButton-colorSecondary",
                          "disabled": "Mui-disabled",
                          "edgeEnd": "MuiIconButton-edgeEnd",
                          "edgeStart": "MuiIconButton-edgeStart",
                          "label": "MuiIconButton-label",
                          "root": "MuiIconButton-root",
                          "sizeSmall": "MuiIconButton-sizeSmall",
                        }
                      }
                      color="inherit"
                      edge="start"
                      onClick={[Function]}
                    >
                      <WithStyles(ForwardRef(ButtonBase))
                        aria-label="menu"
                        centerRipple={true}
                        className="MuiIconButton-root makeStyles-menuButton-4 makeStyles-hide-2 MuiIconButton-colorInherit MuiIconButton-edgeStart"
                        disabled={false}
                        focusRipple={true}
                        onClick={[Function]}
                      >
                        <ForwardRef(ButtonBase)
                          aria-label="menu"
                          centerRipple={true}
                          className="MuiIconButton-root makeStyles-menuButton-4 makeStyles-hide-2 MuiIconButton-colorInherit MuiIconButton-edgeStart"
                          classes={
                            Object {
                              "disabled": "Mui-disabled",
                              "focusVisible": "Mui-focusVisible",
                              "root": "MuiButtonBase-root",
                            }
                          }
                          disabled={false}
                          focusRipple={true}
                          onClick={[Function]}
                        >
                          <button
                            aria-label="menu"
                            className="MuiButtonBase-root MuiIconButton-root makeStyles-menuButton-4 makeStyles-hide-2 MuiIconButton-colorInherit MuiIconButton-edgeStart"
                            disabled={false}
                            onBlur={[Function]}
                            onClick={[Function]}
                            onDragLeave={[Function]}
                            onFocus={[Function]}
                            onKeyDown={[Function]}
                            onKeyUp={[Function]}
                            onMouseDown={[Function]}
                            onMouseLeave={[Function]}
                            onMouseUp={[Function]}
                            onTouchEnd={[Function]}
                            onTouchMove={[Function]}
                            onTouchStart={[Function]}
                            tabIndex={0}
                            type="button"
                          >
                            <span
                              className="MuiIconButton-label"
                            >
                              <ForwardRef>
                                <WithStyles(ForwardRef(SvgIcon))>
                                  <ForwardRef(SvgIcon)
                                    classes={
                                      Object {
                                        "colorAction": "MuiSvgIcon-colorAction",
                                        "colorDisabled": "MuiSvgIcon-colorDisabled",
                                        "colorError": "MuiSvgIcon-colorError",
                                        "colorPrimary": "MuiSvgIcon-colorPrimary",
                                        "colorSecondary": "MuiSvgIcon-colorSecondary",
                                        "fontSizeInherit": "MuiSvgIcon-fontSizeInherit",
                                        "fontSizeLarge": "MuiSvgIcon-fontSizeLarge",
                                        "fontSizeSmall": "MuiSvgIcon-fontSizeSmall",
                                        "root": "MuiSvgIcon-root",
                                      }
                                    }
                                  >
                                    <svg
                                      aria-hidden={true}
                                      className="MuiSvgIcon-root"
                                      focusable="false"
                                      viewBox="0 0 24 24"
                                    >
                                      <path
                                        d="M3 18h18v-2H3v2zm0-5h18v-2H3v2zm0-7v2h18V6H3z"
                                      />
                                    </svg>
                                  </ForwardRef(SvgIcon)>
                                </WithStyles(ForwardRef(SvgIcon))>
                              </ForwardRef>
                            </span>
                            <WithStyles(memo)
                              center={true}
                            >
                              <ForwardRef(TouchRipple)
                                center={true}
                                classes={
                                  Object {
                                    "child": "MuiTouchRipple-child",
                                    "childLeaving": "MuiTouchRipple-childLeaving",
                                    "childPulsate": "MuiTouchRipple-childPulsate",
                                    "ripple": "MuiTouchRipple-ripple",
                                    "ripplePulsate": "MuiTouchRipple-ripplePulsate",
                                    "rippleVisible": "MuiTouchRipple-rippleVisible",
                                    "root": "MuiTouchRipple-root",
                                  }
                                }
                              >
                                <span
                                  className="MuiTouchRipple-root"
                                >
                                  <TransitionGroup
                                    childFactory={[Function]}
                                    component={null}
                                    exit={true}
                                  />
                                </span>
                              </ForwardRef(TouchRipple)>
                            </WithStyles(memo)>
                          </button>
                        </ForwardRef(ButtonBase)>
                      </WithStyles(ForwardRef(ButtonBase))>
                    </ForwardRef(IconButton)>
                  </WithStyles(ForwardRef(IconButton))>
                  <WithStyles(ForwardRef(Typography))
                    variant="h6"
                  >
                    <ForwardRef(Typography)
                      classes={
                        Object {
                          "alignCenter": "MuiTypography-alignCenter",
                          "alignJustify": "MuiTypography-alignJustify",
                          "alignLeft": "MuiTypography-alignLeft",
                          "alignRight": "MuiTypography-alignRight",
                          "body1": "MuiTypography-body1",
                          "body2": "MuiTypography-body2",
                          "button": "MuiTypography-button",
                          "caption": "MuiTypography-caption",
                          "colorError": "MuiTypography-colorError",
                          "colorInherit": "MuiTypography-colorInherit",
                          "colorPrimary": "MuiTypography-colorPrimary",
                          "colorSecondary": "MuiTypography-colorSecondary",
                          "colorTextPrimary": "MuiTypography-colorTextPrimary",
                          "colorTextSecondary": "MuiTypography-colorTextSecondary",
                          "displayBlock": "MuiTypography-displayBlock",
                          "displayInline": "MuiTypography-displayInline",
                          "gutterBottom": "MuiTypography-gutterBottom",
                          "h1": "MuiTypography-h1",
                          "h2": "MuiTypography-h2",
                          "h3": "MuiTypography-h3",
                          "h4": "MuiTypography-h4",
                          "h5": "MuiTypography-h5",
                          "h6": "MuiTypography-h6",
                          "noWrap": "MuiTypography-noWrap",
                          "overline": "MuiTypography-overline",
                          "paragraph": "MuiTypography-paragraph",
                          "root": "MuiTypography-root",
                          "srOnly": "MuiTypography-srOnly",
                          "subtitle1": "MuiTypography-subtitle1",
                          "subtitle2": "MuiTypography-subtitle2",
                        }
                      }
                      variant="h6"
                    >
                      <h6
                        className="MuiTypography-root MuiTypography-h6"
                      >
                        Prints
                      </h6>
                    </ForwardRef(Typography)>
                  </WithStyles(ForwardRef(Typography))>
                </div>
              </ForwardRef(Toolbar)>
            </WithStyles(ForwardRef(Toolbar))>
          </header>
        </ForwardRef(Paper)>
      </WithStyles(ForwardRef(Paper))>
    </ForwardRef(AppBar)>
  </WithStyles(ForwardRef(AppBar))>
</TopName>
`;
